// Vitest Snapshot v1, https://vitest.dev/guide/snapshot.html

exports[`the application > should not regress (snapshot test) 1`] = `"<!--[--><!-- <h1>Portal</h1> --><h1>Musicians World</h1><!--[--><h1> Musician Zone </h1><button> Concerts </button><h2> Your Concerts </h2><div><div><!--v-if--><!--[--><!--]--></div></div><h2> Wishlist </h2><div><div><!--v-if--><!--[--><!--]--></div></div><!--]--><!--]-->"`;
